7-Zip 19.00 (x64 edition)
7-Zip 19.00 (x64)
Adobe AIR
Adobe Flash Player 32 ActiveX
Adobe Flash Player 32 NPAPI
Adobe Flash Player 32 PPAPI
Adobe Shockwave Player 12.3
Bat To Exe Converter version 3.0.10
CMS
Construct 2 r279
DeviceManage
FileZilla Client 3.37.4
Foxit Reader
GIMP 2.10.20
Google Chrome
Google Update Helper
Intel(R) Graphics Media Accelerator Driver
Java Auto Updater
Java(TM) 6 Update 45
K-Lite Mega Codec Pack 14.2.5
Kodu Game Lab
LibreOffice 6.2 Help Pack (Russian)
LibreOffice 6.2.5.2
LiteManager Pro - Server
LiteManager Pro - Viewer
Microsoft .NET Framework 4.7.2
Microsoft .NET Framework 4.7.2 (RUS)
Microsoft .NET Framework 4.7.2 (Русский)
Microsoft Application Error Reporting
Microsoft Report Viewer Redistributable 2008 (KB971119)
Microsoft Report Viewer Redistributable 2008 SP1
Microsoft Report Viewer Redistributable 2008 SP1 Language Pack - RUS
Microsoft SQL Server 2008 R2 Native Client
Microsoft Visual C++ 2005 Redistributable - x64 8.0.50727.4053 False
Microsoft Visual C++ 2005 Redistributable - x64 8.0.50727.42 False
Microsoft Visual C++ 2005 Redistributable - x64 8.0.51011 False
Microsoft Visual C++ 2005 Redistributable - x64 8.0.57102 False
Microsoft Visual C++ 2005 Redistributable - x64 8.0.58298 False
Microsoft Visual C++ 2005 Redistributable - x64 8.0.59192 False
Microsoft Visual C++ 2005 Redistributable - x86 8.0.50727.4053 False
Microsoft Visual C++ 2005 Redistributable - x86 8.0.50727.42 False
Microsoft Visual C++ 2005 Redistributable - x86 8.0.51011 False
Microsoft Visual C++ 2005 Redistributable - x86 8.0.57103 False
Microsoft Visual C++ 2005 Redistributable - x86 8.0.58299 False
Microsoft Visual C++ 2005 Redistributable - x86 8.0.59193 False
Microsoft Visual C++ 2008 Redistributable - x64 9.0.21022 False
Microsoft Visual C++ 2008 Redistributable - x64 9.0.21022.0 False
Microsoft Visual C++ 2008 Redistributable - x64 9.0.21022.218 False
Microsoft Visual C++ 2008 Redistributable - x64 9.0.30411 False
Microsoft Visual C++ 2008 Redistributable - x64 9.0.30729 False
Microsoft Visual C++ 2008 Redistributable - x64 9.0.30729.0 False
Microsoft Visual C++ 2008 Redistributable - x64 9.0.30729.4048 False
Microsoft Visual C++ 2008 Redistributable - x64 9.0.30729.4148 False
Microsoft Visual C++ 2008 Redistributable - x64 9.0.30729.4148.0 False
Microsoft Visual C++ 2008 Redistributable - x64 9.0.30729.5570 False
Microsoft Visual C++ 2008 Redistributable - x86 9.0.21022 False
Microsoft Visual C++ 2008 Redistributable - x86 9.0.21022.0 False
Microsoft Visual C++ 2008 Redistributable - x86 9.0.21022.218 False
Microsoft Visual C++ 2008 Redistributable - x86 9.0.30411 False
Microsoft Visual C++ 2008 Redistributable - x86 9.0.30729 False
Microsoft Visual C++ 2008 Redistributable - x86 9.0.30729.0 False
Microsoft Visual C++ 2008 Redistributable - x86 9.0.30729.4048 False
Microsoft Visual C++ 2008 Redistributable - x86 9.0.30729.4148 False
Microsoft Visual C++ 2008 Redistributable - x86 9.0.30729.4148.0 False
Microsoft Visual C++ 2008 Redistributable - x86 9.0.30729.5570 False
Microsoft Visual C++ 2008 Redistributable - x86 9.0.30729.6161
Microsoft Visual C++ 2010 Redistributable - x64 10.0.30319 False
Microsoft Visual C++ 2010 Redistributable - x64 10.0.40219
Microsoft Visual C++ 2010 Redistributable - x86 10.0.30319 False
Microsoft Visual C++ 2010 Redistributable - x86 10.0.40219
Microsoft Visual C++ 2012 Redistributable (x64) - 11.0.50727 False
Microsoft Visual C++ 2012 Redistributable (x64) - 11.0.50727 False Eng
Microsoft Visual C++ 2012 Redistributable (x64) - 11.0.51106 False
Microsoft Visual C++ 2012 Redistributable (x64) - 11.0.51106 False Eng
Microsoft Visual C++ 2012 Redistributable (x64) - 11.0.60610 False
Microsoft Visual C++ 2012 Redistributable (x64) - 11.0.60610 False Eng
Microsoft Visual C++ 2012 Redistributable (x64) - 11.0.61030
Microsoft Visual C++ 2012 Redistributable (x64) - 11.0.61030 False Eng
Microsoft Visual C++ 2012 Redistributable (x86) - 11.0.50727 False
Microsoft Visual C++ 2012 Redistributable (x86) - 11.0.50727 False Eng
Microsoft Visual C++ 2012 Redistributable (x86) - 11.0.51106 False
Microsoft Visual C++ 2012 Redistributable (x86) - 11.0.51106 False Eng
Microsoft Visual C++ 2012 Redistributable (x86) - 11.0.60610 False
Microsoft Visual C++ 2012 Redistributable (x86) - 11.0.60610 False Eng
Microsoft Visual C++ 2012 Redistributable (x86) - 11.0.61030
Microsoft Visual C++ 2012 Redistributable (x86) - 11.0.61030 False Eng
Microsoft Visual C++ 2012 x64 Additional Runtime - 11.0.50727 False
Microsoft Visual C++ 2012 x64 Additional Runtime - 11.0.51106 False
Microsoft Visual C++ 2012 x64 Additional Runtime - 11.0.60610 False
Microsoft Visual C++ 2012 x64 Additional Runtime - 11.0.61030
Microsoft Visual C++ 2012 x64 Minimum Runtime - 11.0.50727 False
Microsoft Visual C++ 2012 x64 Minimum Runtime - 11.0.51106 False
Microsoft Visual C++ 2012 x64 Minimum Runtime - 11.0.60610 False
Microsoft Visual C++ 2012 x64 Minimum Runtime - 11.0.61030
Microsoft Visual C++ 2012 x86 Additional Runtime - 11.0.50727 False
Microsoft Visual C++ 2012 x86 Additional Runtime - 11.0.51106 False
Microsoft Visual C++ 2012 x86 Additional Runtime - 11.0.60610 False
Microsoft Visual C++ 2012 x86 Additional Runtime - 11.0.61030
Microsoft Visual C++ 2012 x86 Minimum Runtime - 11.0.50727 False
Microsoft Visual C++ 2012 x86 Minimum Runtime - 11.0.51106 False
Microsoft Visual C++ 2012 x86 Minimum Runtime - 11.0.60610 False
Microsoft Visual C++ 2012 x86 Minimum Runtime - 11.0.61030
Microsoft Visual C++ 2013 Redistributable (x64) - 12.0.21005 False
Microsoft Visual C++ 2013 Redistributable (x64) - 12.0.21005 False Eng
Microsoft Visual C++ 2013 Redistributable (x64) - 12.0.30501 False
Microsoft Visual C++ 2013 Redistributable (x64) - 12.0.30501 False Eng
Microsoft Visual C++ 2013 Redistributable (x64) - 12.0.40649 False
Microsoft Visual C++ 2013 Redistributable (x64) - 12.0.40649 False Eng
Microsoft Visual C++ 2013 Redistributable (x64) - 12.0.40660 False
Microsoft Visual C++ 2013 Redistributable (x64) - 12.0.40660 False Eng
Microsoft Visual C++ 2013 Redistributable (x64) - 12.0.40664
Microsoft Visual C++ 2013 Redistributable (x64) - 12.0.40664 False Eng
Microsoft Visual C++ 2013 Redistributable (x86) - 12.0.21005 False
Microsoft Visual C++ 2013 Redistributable (x86) - 12.0.21005 False Eng
Microsoft Visual C++ 2013 Redistributable (x86) - 12.0.30501 False
Microsoft Visual C++ 2013 Redistributable (x86) - 12.0.30501 False Eng
Microsoft Visual C++ 2013 Redistributable (x86) - 12.0.40649 False
Microsoft Visual C++ 2013 Redistributable (x86) - 12.0.40649 False Eng
Microsoft Visual C++ 2013 Redistributable (x86) - 12.0.40660 False
Microsoft Visual C++ 2013 Redistributable (x86) - 12.0.40660 False Eng
Microsoft Visual C++ 2013 Redistributable (x86) - 12.0.40664
Microsoft Visual C++ 2013 Redistributable (x86) - 12.0.40664 False Eng
Microsoft Visual C++ 2013 x64 Additional Runtime - 12.0.21005 False
Microsoft Visual C++ 2013 x64 Additional Runtime - 12.0.40649 False
Microsoft Visual C++ 2013 x64 Additional Runtime - 12.0.40660 False
Microsoft Visual C++ 2013 x64 Additional Runtime - 12.0.40664
Microsoft Visual C++ 2013 x64 Minimum Runtime - 12.0.21005 False
Microsoft Visual C++ 2013 x64 Minimum Runtime - 12.0.40649 False
Microsoft Visual C++ 2013 x64 Minimum Runtime - 12.0.40660 False
Microsoft Visual C++ 2013 x64 Minimum Runtime - 12.0.40664
Microsoft Visual C++ 2013 x86 Additional Runtime - 12.0.21005 False
Microsoft Visual C++ 2013 x86 Additional Runtime - 12.0.40649 False
Microsoft Visual C++ 2013 x86 Additional Runtime - 12.0.40660 False
Microsoft Visual C++ 2013 x86 Additional Runtime - 12.0.40664
Microsoft Visual C++ 2013 x86 Minimum Runtime - 12.0.21005 False
Microsoft Visual C++ 2013 x86 Minimum Runtime - 12.0.40649 False
Microsoft Visual C++ 2013 x86 Minimum Runtime - 12.0.40660 False
Microsoft Visual C++ 2013 x86 Minimum Runtime - 12.0.40664
Microsoft Visual C++ 2015-2019 Redistributable (x64) - 14.28.29115
Microsoft Visual C++ 2015-2019 Redistributable (x86) - 14.28.29115
Microsoft Visual C++ 2019 X64 Additional Runtime - 14.28.29115
Microsoft Visual C++ 2019 X64 Minimum Runtime - 14.28.29115
Microsoft Visual C++ 2019 X86 Additional Runtime - 14.28.29115
Microsoft Visual C++ 2019 X86 Minimum Runtime - 14.28.29115
Microsoft XNA Framework Redistributable 4.0 Refresh
Mozilla Firefox 83.0 (x64 ru)
Mozilla Maintenance Service
NTLite v1.7.0.6500
NetSurveillance
Notepad++ (64-bit x64)
Pantum M6550NW Series
PuTTY release 0.70 (64-bit)
PyScripter 3.6.3 (x86)
Python 2.7.18
Realtek High Definition Audio Driver
Remote Control by ITarian
SP 260 Series Software Uninstall
SWF.max 2.2
Scratch 2 Offline Editor
Scratch Desktop 3.15.0
SparkleShare
Synaptics Pointing Device Driver
Transmission 2.94 (d8e60ee44f) (x64)
Unreal Commander v3.57
Update for Microsoft .NET Framework 4.7.2 (KB4087364)
Update for Microsoft .NET Framework 4.7.2 (KB4457035)
VLC media player
Vbsedit
Vbsedit 32-bit
Viber
WebCam SCB-0350M
WinDjView 2.1
WinSCP 5.13.4
Windows 7 USB/DVD Download Tool
Wing Personal 7.2.4.0
Xerox WorkCentre 3025
Xming 6.9.0.31
mRemoteNG
ownCloud
smartmontools
swMSM
vs_tipsmsi
Братья-пилоты 1, версия 1.0
Драйверы Рутокен
Просмотр руководства пользователя
