Deleted:
1C:Предприятие 8 (8.3.15.1700)
1C:Предприятие 8 (8.3.15.1830)
1C:Предприятие 8 (8.3.17.1386)
Microsoft Visual C++ 2010  x64 Redistributable - 10.0.40219
Microsoft Visual C++ 2010  x86 Redistributable - 10.0.40219
Microsoft Visual C++ 2013 Redistributable (x86) - 12.0.30501
Microsoft Visual C++ 2013 x86 Additional Runtime - 12.0.21005
Microsoft Visual C++ 2013 x86 Minimum Runtime - 12.0.21005
Microsoft Visual C++ 2015-2019 Redistributable (x86) - 14.23.27820
Microsoft Visual C++ 2017 Redistributable (x64) - 14.14.26405
Microsoft Visual C++ 2017 x64 Additional Runtime - 14.14.26405
Microsoft Visual C++ 2017 x64 Minimum Runtime - 14.14.26405
Microsoft Visual C++ 2019 X86 Additional Runtime - 14.23.27820
Microsoft Visual C++ 2019 X86 Minimum Runtime - 14.23.27820
Python 2.7 pywin32-227
Python 2.7.16 (64-bit)
TeamViewer
The Dude
КриптоПро CSP

Installed:
Microsoft Visual C++ 2005 Redistributable - x64 8.0.50727.4053 False
Microsoft Visual C++ 2005 Redistributable - x64 8.0.50727.42 False
Microsoft Visual C++ 2005 Redistributable - x64 8.0.51011 False
Microsoft Visual C++ 2005 Redistributable - x64 8.0.57102 False
Microsoft Visual C++ 2005 Redistributable - x64 8.0.58298 False
Microsoft Visual C++ 2005 Redistributable - x64 8.0.59192 False
Microsoft Visual C++ 2005 Redistributable - x86 8.0.50727.4053 False
Microsoft Visual C++ 2005 Redistributable - x86 8.0.50727.42 False
Microsoft Visual C++ 2005 Redistributable - x86 8.0.51011 False
Microsoft Visual C++ 2005 Redistributable - x86 8.0.57103 False
Microsoft Visual C++ 2005 Redistributable - x86 8.0.58299 False
Microsoft Visual C++ 2005 Redistributable - x86 8.0.59193 False
Microsoft Visual C++ 2008 Redistributable - x64 9.0.21022 False
Microsoft Visual C++ 2008 Redistributable - x64 9.0.21022.0 False
Microsoft Visual C++ 2008 Redistributable - x64 9.0.21022.218 False
Microsoft Visual C++ 2008 Redistributable - x64 9.0.30411 False
Microsoft Visual C++ 2008 Redistributable - x64 9.0.30729 False
Microsoft Visual C++ 2008 Redistributable - x64 9.0.30729.0 False
Microsoft Visual C++ 2008 Redistributable - x64 9.0.30729.4048 False
Microsoft Visual C++ 2008 Redistributable - x64 9.0.30729.4148 False
Microsoft Visual C++ 2008 Redistributable - x64 9.0.30729.4148.0 False
Microsoft Visual C++ 2008 Redistributable - x64 9.0.30729.5570 False
Microsoft Visual C++ 2008 Redistributable - x86 9.0.21022 False
Microsoft Visual C++ 2008 Redistributable - x86 9.0.21022.0 False
Microsoft Visual C++ 2008 Redistributable - x86 9.0.21022.218 False
Microsoft Visual C++ 2008 Redistributable - x86 9.0.30411 False
Microsoft Visual C++ 2008 Redistributable - x86 9.0.30729 False
Microsoft Visual C++ 2008 Redistributable - x86 9.0.30729.0 False
Microsoft Visual C++ 2008 Redistributable - x86 9.0.30729.4048 False
Microsoft Visual C++ 2008 Redistributable - x86 9.0.30729.4148 False
Microsoft Visual C++ 2008 Redistributable - x86 9.0.30729.4148.0 False
Microsoft Visual C++ 2008 Redistributable - x86 9.0.30729.5570 False
Microsoft Visual C++ 2010 Redistributable - x64 10.0.30319 False
Microsoft Visual C++ 2010 Redistributable - x64 10.0.40219
Microsoft Visual C++ 2010 Redistributable - x86 10.0.30319 False
Microsoft Visual C++ 2010 Redistributable - x86 10.0.40219
Microsoft Visual C++ 2012 Redistributable (x64) - 11.0.50727 False
Microsoft Visual C++ 2012 Redistributable (x64) - 11.0.50727 False Eng
Microsoft Visual C++ 2012 Redistributable (x64) - 11.0.51106 False
Microsoft Visual C++ 2012 Redistributable (x64) - 11.0.51106 False Eng
Microsoft Visual C++ 2012 Redistributable (x64) - 11.0.60610 False
Microsoft Visual C++ 2012 Redistributable (x64) - 11.0.60610 False Eng
Microsoft Visual C++ 2012 Redistributable (x64) - 11.0.61030
Microsoft Visual C++ 2012 Redistributable (x64) - 11.0.61030 False Eng
Microsoft Visual C++ 2012 Redistributable (x86) - 11.0.50727 False
Microsoft Visual C++ 2012 Redistributable (x86) - 11.0.50727 False Eng
Microsoft Visual C++ 2012 Redistributable (x86) - 11.0.51106 False
Microsoft Visual C++ 2012 Redistributable (x86) - 11.0.51106 False Eng
Microsoft Visual C++ 2012 Redistributable (x86) - 11.0.60610 False
Microsoft Visual C++ 2012 Redistributable (x86) - 11.0.60610 False Eng
Microsoft Visual C++ 2012 Redistributable (x86) - 11.0.61030
Microsoft Visual C++ 2012 Redistributable (x86) - 11.0.61030 False Eng
Microsoft Visual C++ 2012 x64 Additional Runtime - 11.0.50727 False
Microsoft Visual C++ 2012 x64 Additional Runtime - 11.0.51106 False
Microsoft Visual C++ 2012 x64 Additional Runtime - 11.0.60610 False
Microsoft Visual C++ 2012 x64 Additional Runtime - 11.0.61030
Microsoft Visual C++ 2012 x64 Minimum Runtime - 11.0.50727 False
Microsoft Visual C++ 2012 x64 Minimum Runtime - 11.0.51106 False
Microsoft Visual C++ 2012 x64 Minimum Runtime - 11.0.60610 False
Microsoft Visual C++ 2012 x64 Minimum Runtime - 11.0.61030
Microsoft Visual C++ 2012 x86 Additional Runtime - 11.0.50727 False
Microsoft Visual C++ 2012 x86 Additional Runtime - 11.0.51106 False
Microsoft Visual C++ 2012 x86 Additional Runtime - 11.0.60610 False
Microsoft Visual C++ 2012 x86 Additional Runtime - 11.0.61030
Microsoft Visual C++ 2012 x86 Minimum Runtime - 11.0.50727 False
Microsoft Visual C++ 2012 x86 Minimum Runtime - 11.0.51106 False
Microsoft Visual C++ 2012 x86 Minimum Runtime - 11.0.60610 False
Microsoft Visual C++ 2012 x86 Minimum Runtime - 11.0.61030
Microsoft Visual C++ 2013 Redistributable (x64) - 12.0.21005 False
Microsoft Visual C++ 2013 Redistributable (x64) - 12.0.21005 False Eng
Microsoft Visual C++ 2013 Redistributable (x64) - 12.0.30501 False
Microsoft Visual C++ 2013 Redistributable (x64) - 12.0.30501 False Eng
Microsoft Visual C++ 2013 Redistributable (x64) - 12.0.40649 False
Microsoft Visual C++ 2013 Redistributable (x64) - 12.0.40649 False Eng
Microsoft Visual C++ 2013 Redistributable (x64) - 12.0.40660 False
Microsoft Visual C++ 2013 Redistributable (x64) - 12.0.40660 False Eng
Microsoft Visual C++ 2013 Redistributable (x64) - 12.0.40664
Microsoft Visual C++ 2013 Redistributable (x64) - 12.0.40664 False Eng
Microsoft Visual C++ 2013 Redistributable (x86) - 12.0.21005 False
Microsoft Visual C++ 2013 Redistributable (x86) - 12.0.21005 False Eng
Microsoft Visual C++ 2013 Redistributable (x86) - 12.0.30501 False
Microsoft Visual C++ 2013 Redistributable (x86) - 12.0.30501 False Eng
Microsoft Visual C++ 2013 Redistributable (x86) - 12.0.40649 False
Microsoft Visual C++ 2013 Redistributable (x86) - 12.0.40649 False Eng
Microsoft Visual C++ 2013 Redistributable (x86) - 12.0.40660 False
Microsoft Visual C++ 2013 Redistributable (x86) - 12.0.40660 False Eng
Microsoft Visual C++ 2013 Redistributable (x86) - 12.0.40664
Microsoft Visual C++ 2013 Redistributable (x86) - 12.0.40664 False Eng
Microsoft Visual C++ 2013 x64 Additional Runtime - 12.0.21005 False
Microsoft Visual C++ 2013 x64 Additional Runtime - 12.0.40649 False
Microsoft Visual C++ 2013 x64 Additional Runtime - 12.0.40660 False
Microsoft Visual C++ 2013 x64 Additional Runtime - 12.0.40664
Microsoft Visual C++ 2013 x64 Minimum Runtime - 12.0.21005 False
Microsoft Visual C++ 2013 x64 Minimum Runtime - 12.0.40649 False
Microsoft Visual C++ 2013 x64 Minimum Runtime - 12.0.40660 False
Microsoft Visual C++ 2013 x64 Minimum Runtime - 12.0.40664
Microsoft Visual C++ 2013 x86 Additional Runtime - 12.0.21005 False
Microsoft Visual C++ 2013 x86 Additional Runtime - 12.0.40649 False
Microsoft Visual C++ 2013 x86 Additional Runtime - 12.0.40660 False
Microsoft Visual C++ 2013 x86 Additional Runtime - 12.0.40664
Microsoft Visual C++ 2013 x86 Minimum Runtime - 12.0.21005 False
Microsoft Visual C++ 2013 x86 Minimum Runtime - 12.0.40649 False
Microsoft Visual C++ 2013 x86 Minimum Runtime - 12.0.40660 False
Microsoft Visual C++ 2013 x86 Minimum Runtime - 12.0.40664
Microsoft Visual C++ 2015-2019 Redistributable (x64) - 14.28.29115
Microsoft Visual C++ 2015-2019 Redistributable (x86) - 14.28.29115
Microsoft Visual C++ 2019 X64 Additional Runtime - 14.28.29115
Microsoft Visual C++ 2019 X64 Minimum Runtime - 14.28.29115
Microsoft Visual C++ 2019 X86 Additional Runtime - 14.28.29115
Microsoft Visual C++ 2019 X86 Minimum Runtime - 14.28.29115
Python 2.7.18 (64-bit)
Wing Personal 7.2.4.0
