1C:Предприятие 8 (8.3.15.1700)
1C:Предприятие 8 (8.3.15.1830)
7-Zip 19.00 (x64)
Adobe Flash Player 32 PPAPI
Bat To Exe Converter version 3.0.10
CMS
DeviceManage
FileZilla Client 3.37.4
Foxit Reader
GIMP 2.10.14
Google Chrome
Google Update Helper
Intel(R) Graphics Media Accelerator Driver
Java Auto Updater
Java(TM) 6 Update 45
K-Lite Mega Codec Pack 14.2.5
Kaspersky Free
LibreOffice 6.2 Help Pack (Russian)
LibreOffice 6.2.5.2
LiteManager Pro - Server
LiteManager Pro - Viewer
Microsoft .NET Framework 4.7.2
Microsoft .NET Framework 4.7.2 (RUS)
Microsoft .NET Framework 4.7.2 (Русский)
Microsoft Application Error Reporting
Microsoft Report Viewer Redistributable 2008 (KB971119)
Microsoft Report Viewer Redistributable 2008 SP1
Microsoft Report Viewer Redistributable 2008 SP1 Language Pack - RUS
Microsoft SQL Server 2008 R2 Native Client
Microsoft Visual C++ 2008 Redistributable - x86 9.0.30729.6161
Microsoft Visual C++ 2010  x64 Redistributable - 10.0.40219
Microsoft Visual C++ 2010  x86 Redistributable - 10.0.40219
Microsoft Visual C++ 2013 Redistributable (x86) - 12.0.30501
Microsoft Visual C++ 2013 x86 Additional Runtime - 12.0.21005
Microsoft Visual C++ 2013 x86 Minimum Runtime - 12.0.21005
Microsoft Visual C++ 2015-2019 Redistributable (x86) - 14.23.27820
Microsoft Visual C++ 2017 Redistributable (x64) - 14.14.26405
Microsoft Visual C++ 2017 x64 Additional Runtime - 14.14.26405
Microsoft Visual C++ 2017 x64 Minimum Runtime - 14.14.26405
Microsoft Visual C++ 2019 X86 Additional Runtime - 14.23.27820
Microsoft Visual C++ 2019 X86 Minimum Runtime - 14.23.27820
Mozilla Firefox 78.0.2 (x64 ru)
Mozilla Maintenance Service
NTLite v1.7.0.6500
NetSurveillance
Notepad++ (64-bit x64)
Pantum M6550NW Series
PuTTY release 0.70 (64-bit)
PyScripter 3.6.3 (x64)
Python 2.7 pywin32-227
Python 2.7.16 (64-bit)
Realtek High Definition Audio Driver
Remote Control by ITarian
SP 260 Series Software Uninstall
SparkleShare
Synaptics Pointing Device Driver
TeamViewer
The Dude
Transmission 2.94 (d8e60ee44f) (x64)
Unreal Commander v3.57
Update for Microsoft .NET Framework 4.7.2 (KB4087364)
Update for Microsoft .NET Framework 4.7.2 (KB4457035)
VLC media player
Vbsedit
Vbsedit 32-bit
Viber
WebCam SCB-0350M
WinSCP 5.13.4
Windows 7 USB/DVD Download Tool
Xerox WorkCentre 3025
Xming 6.9.0.31
ownCloud
smartmontools
vs_tipsmsi
Братья-пилоты 1, версия 1.0
Драйверы Рутокен
КриптоПро CSP
Просмотр руководства пользователя
